<?xml version="1.0" encoding="utf-8"?>
<TestRun id="afaaa95c-f4f3-4e5c-b0b8-0df70bbed5fe" name="@localhost 2023-08-13 14:24:28" xmlns="http://microsoft.com/schemas/VisualStudio/TeamTest/2010">
  <Times creation="2023-08-13T14:24:28.7817971+08:00" queuing="2023-08-13T14:24:28.7817972+08:00" start="2023-08-13T14:24:28.0648389+08:00" finish="2023-08-13T14:24:28.7909015+08:00" />
  <TestSettings name="default" id="795fec38-4756-4797-a1c4-248e926fdff2">
    <Deployment runDeploymentRoot="_localhost_2023-08-13_14_24_28" />
  </TestSettings>
  <Results>
    <UnitTestResult executionId="1903bc1f-e068-4cfd-8bbb-e3771c6f3bca" testId="326233d2-529e-4fdb-5d36-206232ea54d1" testName="sll" computerName="localhost" duration="00:00:00.1177400" startTime="2023-08-13T14:24:28.5384490+08:00" endTime="2023-08-13T14:24:28.6561130+08:00" testType="13cdc9d9-ddb5-4fa4-a97d-d965ccfc6d4b" outcome="Failed" testListId="8c84fa94-04c1-424b-9868-57a2d4851a1d" relativeResultsDirectory="1903bc1f-e068-4cfd-8bbb-e3771c6f3bca">
      <Output>
        <StdOut>test_sll...fail
o- Registers
o- pc = 80000018
x0(zero) = 0x0	x1(ra) = 0x0	x2(sp) = 0x87ffffff	x3(gp) = 0x0
x4(tp) = 0x0	x5(t0) = 0x0	x6(t1) = 0x0	x7(t2) = 0x0
x8(s0) = 0x40	x9(s1) = 0x0	x10(a0) = 0x1	x11(a1) = 0x5
x12(a2) = 0x6	x13(a3) = 0x20	x14(a4) = 0x1	x15(a5) = 0x0
x16(a6) = 0x0	x17(a7) = 0x0	x18(s2) = 0x0	x19(s3) = 0x0
x20(s4) = 0x0	x21(s5) = 0x0	x22(s6) = 0x0	x23(s7) = 0x0
x24(s8) = 0x0	x25(s9) = 0x0	x26(s10) = 0x0	x27(s11) = 0x0
x28(t3) = 0x0	x29(t4) = 0x0	x30(t5) = 0x0	x31(t6) = 0x0</StdOut>
        <ErrorInfo>
          <StackTrace>   at RiscV.Net.Test.Utils.riscv_test[a](String code, a testname, Int32 n_cloc, FSharpFunc`2 assert_fn) in /home/muqiu-han/Workspace/riscv.net/RiscV.NET.Test/Utils.fs:line 136
   at RiscV.Net.Test.Program.sll() in /home/muqiu-han/Workspace/riscv.net/RiscV.NET.Test/Program.fs:line 194

1)    at RiscV.Net.Test.Utils.riscv_test[a](String code, a testname, Int32 n_cloc, FSharpFunc`2 assert_fn) in /home/muqiu-han/Workspace/riscv.net/RiscV.NET.Test/Utils.fs:line 136
   at RiscV.Net.Test.Program.sll() in /home/muqiu-han/Workspace/riscv.net/RiscV.NET.Test/Program.fs:line 194

</StackTrace>
        </ErrorInfo>
      </Output>
    </UnitTestResult>
  </Results>
  <TestDefinitions>
    <UnitTest name="sll" storage="/home/muqiu-han/workspace/riscv.net/riscv.net.test/bin/debug/net7.0/riscv.net.test.dll" id="326233d2-529e-4fdb-5d36-206232ea54d1">
      <Execution id="1903bc1f-e068-4cfd-8bbb-e3771c6f3bca" />
      <TestMethod codeBase="/home/muqiu-han/Workspace/riscv.net/RiscV.NET.Test/bin/Debug/net7.0/RiscV.NET.Test.dll" adapterTypeName="executor://nunit3testexecutor/" className="RiscV.Net.Test.Program" name="sll" />
    </UnitTest>
  </TestDefinitions>
  <TestEntries>
    <TestEntry testId="326233d2-529e-4fdb-5d36-206232ea54d1" executionId="1903bc1f-e068-4cfd-8bbb-e3771c6f3bca" testListId="8c84fa94-04c1-424b-9868-57a2d4851a1d" />
  </TestEntries>
  <TestLists>
    <TestList name="Results Not in a List" id="8c84fa94-04c1-424b-9868-57a2d4851a1d" />
    <TestList name="All Loaded Results" id="19431567-8539-422a-85d7-44ee4e166bda" />
  </TestLists>
  <ResultSummary outcome="Failed">
    <Counters total="1" executed="1" passed="0" failed="1" error="0" timeout="0" aborted="0" inconclusive="0" passedButRunAborted="0" notRunnable="0" notExecuted="0" disconnected="0" warning="0" completed="0" inProgress="0" pending="0" />
    <Output>
      <StdOut>NUnit Adapter 4.4.0.0: Test execution started
Running selected tests in /home/muqiu-han/Workspace/riscv.net/RiscV.NET.Test/bin/Debug/net7.0/RiscV.NET.Test.dll
   NUnit3TestExecutor discovered 1 of 1 NUnit test cases using Current Discovery mode, Non-Explicit run
NUnit Adapter 4.4.0.0: Test execution complete
</StdOut>
    </Output>
    <RunInfos>
      <RunInfo computerName="localhost" outcome="Warning" timestamp="2023-08-13T14:24:28.6714966+08:00">
        <Text>test_sll...fail
o- Registers
o- pc = 80000018
x0(zero) = 0x0	x1(ra) = 0x0	x2(sp) = 0x87ffffff	x3(gp) = 0x0
x4(tp) = 0x0	x5(t0) = 0x0	x6(t1) = 0x0	x7(t2) = 0x0
x8(s0) = 0x40	x9(s1) = 0x0	x10(a0) = 0x1	x11(a1) = 0x5
x12(a2) = 0x6	x13(a3) = 0x20	x14(a4) = 0x1	x15(a5) = 0x0
x16(a6) = 0x0	x17(a7) = 0x0	x18(s2) = 0x0	x19(s3) = 0x0
x20(s4) = 0x0	x21(s5) = 0x0	x22(s6) = 0x0	x23(s7) = 0x0
x24(s8) = 0x0	x25(s9) = 0x0	x26(s10) = 0x0	x27(s11) = 0x0
x28(t3) = 0x0	x29(t4) = 0x0	x30(t5) = 0x0	x31(t6) = 0x0
</Text>
      </RunInfo>
    </RunInfos>
  </ResultSummary>
</TestRun>